I'm sorry, but errors were detected in your script. Please correct the
errors listed below, and try again.


File "game/script.rpy", line 410: invalid syntax
                    target[x] = enemy[int(input(f"Choose a target for {player[x].skillList[action[x]].name}: "))]
                                                                                                              ^
    

Ren'Py Version: Ren'Py 7.4.4.1439
Thu May 26 14:43:47 2022
